RAM Allocation [bytes]
Variable                                                                          Address   Size
------------------------------------------------------------------------------------------------
_base_y (alcd.lib)                                                                0x0160       4
_lcd_y                                                                            0x0164       1
_lcd_maxx                                                                         0x0165       1

EEPROM Allocation [bytes]
Variable                                                                          Address   Size
------------------------------------------------------------------------------------------------

Register Allocation
Variable                                                                          Register  Size
------------------------------------------------------------------------------------------------
flagPedestre                                                                      R5           1
tempo                                                                             R6,R7        2
dezena                                                                            R8,R9        2
unidade                                                                           R10,R11      2
flag0                                                                             R4           1
flag1                                                                             R13          1
_lcd_x                                                                            R12          1

FLASH Allocation [words]
Function                                                                          Address   Size
------------------------------------------------------------------------------------------------
timer1_ovf_isr                                                                    0x00141     70
ext_int0_isr                                                                      0x00187     59
ext_int1_isr                                                                      0x001C2      1
ext_int2_isr                                                                      0x001C3      1
main                                                                              0x001C4    611
_lcd_write_nibble_G100                                                            0x00427     21
_lcd_write_data                                                                   0x0043C     13
lcd_gotoxy                                                                        0x00449     19
lcd_clear                                                                         0x0045C     11
lcd_putchar                                                                       0x00467     25
lcd_puts                                                                          0x00480     15
lcd_init                                                                          0x0048F     44
put_buff_G101                                                                     0x004BB     43
_print_G101                                                                       0x004E6    294
sprintf                                                                           0x0060C     45
strlen                                                                            0x00639     12
strlenf                                                                           0x00645     13
